The user provided Google Cloud credentials will take precedence over the API key from the environment variable.
AI object initialized.
Models defined: true
[32minfo[39m: Sovereign AI Service Initialized (@google/genai SDK) {"location":"us-central1","project":"fitnearn-devops","timestamp":"2026-04-11T09:08:12.726Z"}
